25-04-13.09:05:42.420 [main            ] INFO  Application            - Starting Application using Java 17.0.9 with PID 16564 (D:\java\KnowledgePlanet\ai-rag-knowledge\zky-dev-tech-app\target\classes started by zhangkaiyuan in D:\java\KnowledgePlanet\ai-rag-knowledge)
25-04-13.09:05:42.427 [main            ] INFO  Application            - The following 1 profile is active: "dev"
25-04-13.09:05:44.482 [main            ] INFO  RepositoryConfigurationDelegate - Multiple Spring Data modules found, entering strict repository configuration mode
25-04-13.09:05:44.493 [main            ] INFO  RepositoryConfigurationDelegate - Bootstrapping Spring Data Redis repositories in DEFAULT mode.
25-04-13.09:05:44.586 [main            ] INFO  RepositoryConfigurationDelegate - Finished Spring Data repository scanning in 47 ms. Found 0 Redis repository interfaces.
25-04-13.09:05:46.239 [main            ] ERROR AprLifecycleListener   - An incompatible version [1.2.26] of the Apache Tomcat Native library is installed, while Tomcat requires version [1.2.34]
25-04-13.09:05:46.666 [main            ] INFO  TomcatWebServer        - Tomcat initialized with port 8090 (http)
25-04-13.09:05:46.689 [main            ] INFO  Http11NioProtocol      - Initializing ProtocolHandler ["http-nio-8090"]
25-04-13.09:05:46.691 [main            ] INFO  StandardService        - Starting service [Tomcat]
25-04-13.09:05:46.691 [main            ] INFO  StandardEngine         - Starting Servlet engine: [Apache Tomcat/10.1.19]
25-04-13.09:05:46.801 [main            ] INFO  [/]                    - Initializing Spring embedded WebApplicationContext
25-04-13.09:05:46.802 [main            ] INFO  ServletWebServerApplicationContext - Root WebApplicationContext: initialization completed in 4238 ms
25-04-13.09:05:47.620 [main            ] INFO  HikariDataSource       - HikariCP - Starting...
25-04-13.09:05:48.411 [main            ] INFO  HikariPool             - HikariCP - Added connection org.postgresql.jdbc.PgConnection@7c873709
25-04-13.09:05:48.417 [main            ] INFO  HikariDataSource       - HikariCP - Start completed.
25-04-13.09:05:52.807 [main            ] INFO  Version                - Redisson 3.44.0
25-04-13.09:05:53.408 [redisson-netty-1-4] INFO  ConnectionsHolder      - 1 connections initialized for 117.72.35.255/117.72.35.255:16379
25-04-13.09:05:53.760 [redisson-netty-1-13] INFO  ConnectionsHolder      - 5 connections initialized for 117.72.35.255/117.72.35.255:16379
25-04-13.09:05:55.011 [main            ] INFO  Http11NioProtocol      - Starting ProtocolHandler ["http-nio-8090"]
25-04-13.09:05:55.028 [main            ] INFO  TomcatWebServer        - Tomcat started on port 8090 (http) with context path ''
25-04-13.09:05:55.046 [main            ] INFO  Application            - Started Application in 14.013 seconds (process running for 16.093)
25-04-13.09:06:06.725 [http-nio-8090-exec-1] INFO  [/]                    - Initializing Spring DispatcherServlet 'dispatcherServlet'
25-04-13.09:06:06.726 [http-nio-8090-exec-1] INFO  DispatcherServlet      - Initializing Servlet 'dispatcherServlet'
25-04-13.09:06:06.727 [http-nio-8090-exec-1] INFO  DispatcherServlet      - Completed initialization in 1 ms
25-04-13.09:07:02.536 [SpringApplicationShutdownHook] INFO  HikariDataSource       - HikariCP - Shutdown initiated...
25-04-13.09:07:02.544 [SpringApplicationShutdownHook] INFO  HikariDataSource       - HikariCP - Shutdown completed.
25-04-13.09:07:27.190 [main            ] INFO  Application            - Starting Application using Java 17.0.9 with PID 18100 (D:\java\KnowledgePlanet\ai-rag-knowledge\zky-dev-tech-app\target\classes started by zhangkaiyuan in D:\java\KnowledgePlanet\ai-rag-knowledge)
25-04-13.09:07:27.193 [main            ] INFO  Application            - The following 1 profile is active: "dev"
25-04-13.09:07:28.578 [main            ] INFO  RepositoryConfigurationDelegate - Multiple Spring Data modules found, entering strict repository configuration mode
25-04-13.09:07:28.587 [main            ] INFO  RepositoryConfigurationDelegate - Bootstrapping Spring Data Redis repositories in DEFAULT mode.
25-04-13.09:07:28.703 [main            ] INFO  RepositoryConfigurationDelegate - Finished Spring Data repository scanning in 53 ms. Found 0 Redis repository interfaces.
25-04-13.09:07:29.943 [main            ] ERROR AprLifecycleListener   - An incompatible version [1.2.26] of the Apache Tomcat Native library is installed, while Tomcat requires version [1.2.34]
25-04-13.09:07:30.454 [main            ] INFO  TomcatWebServer        - Tomcat initialized with port 8090 (http)
25-04-13.09:07:30.476 [main            ] INFO  Http11NioProtocol      - Initializing ProtocolHandler ["http-nio-8090"]
25-04-13.09:07:30.480 [main            ] INFO  StandardService        - Starting service [Tomcat]
25-04-13.09:07:30.481 [main            ] INFO  StandardEngine         - Starting Servlet engine: [Apache Tomcat/10.1.19]
25-04-13.09:07:30.662 [main            ] INFO  [/]                    - Initializing Spring embedded WebApplicationContext
25-04-13.09:07:30.662 [main            ] INFO  ServletWebServerApplicationContext - Root WebApplicationContext: initialization completed in 3392 ms
25-04-13.09:07:31.551 [main            ] INFO  HikariDataSource       - HikariCP - Starting...
25-04-13.09:07:32.146 [main            ] INFO  HikariPool             - HikariCP - Added connection org.postgresql.jdbc.PgConnection@cd8dd73
25-04-13.09:07:32.152 [main            ] INFO  HikariDataSource       - HikariCP - Start completed.
25-04-13.09:07:33.734 [main            ] INFO  Version                - Redisson 3.44.0
25-04-13.09:07:34.347 [redisson-netty-1-4] INFO  ConnectionsHolder      - 1 connections initialized for 117.72.35.255/117.72.35.255:16379
25-04-13.09:07:34.675 [redisson-netty-1-13] INFO  ConnectionsHolder      - 5 connections initialized for 117.72.35.255/117.72.35.255:16379
25-04-13.09:07:35.663 [main            ] INFO  Http11NioProtocol      - Starting ProtocolHandler ["http-nio-8090"]
25-04-13.09:07:35.691 [main            ] INFO  TomcatWebServer        - Tomcat started on port 8090 (http) with context path ''
25-04-13.09:07:35.712 [main            ] INFO  Application            - Started Application in 9.73 seconds (process running for 11.414)
25-04-13.09:10:44.609 [http-nio-8090-exec-2] INFO  [/]                    - Initializing Spring DispatcherServlet 'dispatcherServlet'
25-04-13.09:10:44.610 [http-nio-8090-exec-2] INFO  DispatcherServlet      - Initializing Servlet 'dispatcherServlet'
25-04-13.09:10:44.611 [http-nio-8090-exec-2] INFO  DispatcherServlet      - Completed initialization in 1 ms
25-04-13.09:10:44.725 [http-nio-8090-exec-2] INFO  RAGController          - 知识库上传开始 file
25-04-13.09:10:46.575 [http-nio-8090-exec-2] INFO  RAGController          - 知识库上传完成 file
25-04-13.09:11:04.615 [SpringApplicationShutdownHook] INFO  HikariDataSource       - HikariCP - Shutdown initiated...
25-04-13.09:11:04.621 [SpringApplicationShutdownHook] INFO  HikariDataSource       - HikariCP - Shutdown completed.
